Archive member included to satisfy reference by file (symbol)

c:/program files (x86)/atollic/truestudio for stm32 9.3.0/armtools/bin/../lib/gcc/arm-atollic-eabi/6.3.1/../../../../arm-atollic-eabi/lib/armv7e-m/fpu\libc_nano.a(lib_a-errno.o)
                              Src\syscalls.o (__errno)
c:/program files (x86)/atollic/truestudio for stm32 9.3.0/armtools/bin/../lib/gcc/arm-atollic-eabi/6.3.1/../../../../arm-atollic-eabi/lib/armv7e-m/fpu\libc_nano.a(lib_a-impure.o)
                              c:/program files (x86)/atollic/truestudio for stm32 9.3.0/armtools/bin/../lib/gcc/arm-atollic-eabi/6.3.1/../../../../arm-atollic-eabi/lib/armv7e-m/fpu\libc_nano.a(lib_a-errno.o) (_impure_ptr)
c:/program files (x86)/atollic/truestudio for stm32 9.3.0/armtools/bin/../lib/gcc/arm-atollic-eabi/6.3.1/../../../../arm-atollic-eabi/lib/armv7e-m/fpu\libc_nano.a(lib_a-init.o)
                              startup\startup_stm32f407xx.o (__libc_init_array)
c:/program files (x86)/atollic/truestudio for stm32 9.3.0/armtools/bin/../lib/gcc/arm-atollic-eabi/6.3.1/../../../../arm-atollic-eabi/lib/armv7e-m/fpu\libc_nano.a(lib_a-memset.o)
                              Src\gpio.o (memset)
c:/program files (x86)/atollic/truestudio for stm32 9.3.0/armtools/bin/../lib/gcc/arm-atollic-eabi/6.3.1/../../../../arm-atollic-eabi/lib/armv7e-m/fpu\libm.a(lib_a-w_exp.o)
                              Src\main.o (exp)
c:/program files (x86)/atollic/truestudio for stm32 9.3.0/armtools/bin/../lib/gcc/arm-atollic-eabi/6.3.1/../../../../arm-atollic-eabi/lib/armv7e-m/fpu\libm.a(lib_a-e_exp.o)
                              c:/program files (x86)/atollic/truestudio for stm32 9.3.0/armtools/bin/../lib/gcc/arm-atollic-eabi/6.3.1/../../../../arm-atollic-eabi/lib/armv7e-m/fpu\libm.a(lib_a-w_exp.o) (__ieee754_exp)
c:/program files (x86)/atollic/truestudio for stm32 9.3.0/armtools/bin/../lib/gcc/arm-atollic-eabi/6.3.1/../../../../arm-atollic-eabi/lib/armv7e-m/fpu\libm.a(lib_a-s_finite.o)
                              c:/program files (x86)/atollic/truestudio for stm32 9.3.0/armtools/bin/../lib/gcc/arm-atollic-eabi/6.3.1/../../../../arm-atollic-eabi/lib/armv7e-m/fpu\libm.a(lib_a-w_exp.o) (finite)
c:/program files (x86)/atollic/truestudio for stm32 9.3.0/armtools/bin/../lib/gcc/arm-atollic-eabi/6.3.1/../../../../arm-atollic-eabi/lib/armv7e-m/fpu\libm.a(lib_a-s_lib_ver.o)
                              c:/program files (x86)/atollic/truestudio for stm32 9.3.0/armtools/bin/../lib/gcc/arm-atollic-eabi/6.3.1/../../../../arm-atollic-eabi/lib/armv7e-m/fpu\libm.a(lib_a-w_exp.o) (__fdlib_version)
c:/program files (x86)/atollic/truestudio for stm32 9.3.0/armtools/bin/../lib/gcc/arm-atollic-eabi/6.3.1/../../../../arm-atollic-eabi/lib/armv7e-m/fpu\libm.a(lib_a-s_matherr.o)
                              c:/program files (x86)/atollic/truestudio for stm32 9.3.0/armtools/bin/../lib/gcc/arm-atollic-eabi/6.3.1/../../../../arm-atollic-eabi/lib/armv7e-m/fpu\libm.a(lib_a-w_exp.o) (matherr)
c:/program files (x86)/atollic/truestudio for stm32 9.3.0/armtools/bin/../lib/gcc/arm-atollic-eabi/6.3.1/armv7e-m/fpu\libgcc.a(_arm_addsubdf3.o)
                              c:/program files (x86)/atollic/truestudio for stm32 9.3.0/armtools/bin/../lib/gcc/arm-atollic-eabi/6.3.1/../../../../arm-atollic-eabi/lib/armv7e-m/fpu\libm.a(lib_a-e_exp.o) (__aeabi_dsub)
c:/program files (x86)/atollic/truestudio for stm32 9.3.0/armtools/bin/../lib/gcc/arm-atollic-eabi/6.3.1/armv7e-m/fpu\libgcc.a(_arm_muldivdf3.o)
                              Src\main.o (__aeabi_dmul)
c:/program files (x86)/atollic/truestudio for stm32 9.3.0/armtools/bin/../lib/gcc/arm-atollic-eabi/6.3.1/armv7e-m/fpu\libgcc.a(_arm_cmpdf2.o)
                              c:/program files (x86)/atollic/truestudio for stm32 9.3.0/armtools/bin/../lib/gcc/arm-atollic-eabi/6.3.1/../../../../arm-atollic-eabi/lib/armv7e-m/fpu\libm.a(lib_a-w_exp.o) (__aeabi_dcmplt)
c:/program files (x86)/atollic/truestudio for stm32 9.3.0/armtools/bin/../lib/gcc/arm-atollic-eabi/6.3.1/armv7e-m/fpu\libgcc.a(_arm_fixdfsi.o)
                              c:/program files (x86)/atollic/truestudio for stm32 9.3.0/armtools/bin/../lib/gcc/arm-atollic-eabi/6.3.1/../../../../arm-atollic-eabi/lib/armv7e-m/fpu\libm.a(lib_a-e_exp.o) (__aeabi_d2iz)
c:/program files (x86)/atollic/truestudio for stm32 9.3.0/armtools/bin/../lib/gcc/arm-atollic-eabi/6.3.1/armv7e-m/fpu\libgcc.a(_arm_fixunsdfsi.o)
                              Src\main.o (__aeabi_d2uiz)
c:/program files (x86)/atollic/truestudio for stm32 9.3.0/armtools/bin/../lib/gcc/arm-atollic-eabi/6.3.1/armv7e-m/fpu\libgcc.a(_aeabi_uldivmod.o)
                              Drivers\STM32F4xx_HAL_Driver\Src\stm32f4xx_hal_rcc.o (__aeabi_uldivmod)
c:/program files (x86)/atollic/truestudio for stm32 9.3.0/armtools/bin/../lib/gcc/arm-atollic-eabi/6.3.1/armv7e-m/fpu\libgcc.a(_udivmoddi4.o)
[...]
Memory Configuration

Name             Origin             Length             Attributes
RAM              0x20000000         0x00020000         xrw
CCMRAM           0x10000000         0x00010000         xrw
FLASH            0x08000000         0x00100000         xr
*default*        0x00000000         0xffffffff

Linker script and memory map

LOAD c:/program files (x86)/atollic/truestudio for stm32 9.3.0/armtools/bin/../lib/gcc/arm-atollic-eabi/6.3.1/armv7e-m/fpu/crti.o
LOAD c:/program files (x86)/atollic/truestudio for stm32 9.3.0/armtools/bin/../lib/gcc/arm-atollic-eabi/6.3.1/armv7e-m/fpu/crtbegin.o
LOAD Drivers\STM32F4xx_HAL_Driver\Src\stm32f4xx_hal.o
LOAD Drivers\STM32F4xx_HAL_Driver\Src\stm32f4xx_hal_cortex.o
LOAD Drivers\STM32F4xx_HAL_Driver\Src\stm32f4xx_hal_dma.o
LOAD Drivers\STM32F4xx_HAL_Driver\Src\stm32f4xx_hal_dma_ex.o
LOAD Drivers\STM32F4xx_HAL_Driver\Src\stm32f4xx_hal_exti.o
LOAD Drivers\STM32F4xx_HAL_Driver\Src\stm32f4xx_hal_flash.o
LOAD Drivers\STM32F4xx_HAL_Driver\Src\stm32f4xx_hal_flash_ex.o
LOAD Drivers\STM32F4xx_HAL_Driver\Src\stm32f4xx_hal_flash_ramfunc.o
LOAD Drivers\STM32F4xx_HAL_Driver\Src\stm32f4xx_hal_gpio.o
LOAD Drivers\STM32F4xx_HAL_Driver\Src\stm32f4xx_hal_pwr.o
LOAD Drivers\STM32F4xx_HAL_Driver\Src\stm32f4xx_hal_pwr_ex.o
LOAD Drivers\STM32F4xx_HAL_Driver\Src\stm32f4xx_hal_rcc.o
LOAD Drivers\STM32F4xx_HAL_Driver\Src\stm32f4xx_hal_rcc_ex.o
LOAD Drivers\STM32F4xx_HAL_Driver\Src\stm32f4xx_hal_tim.o
LOAD Drivers\STM32F4xx_HAL_Driver\Src\stm32f4xx_hal_tim_ex.o
LOAD Drivers\STM32F4xx_HAL_Driver\Src\stm32f4xx_hal_uart.o
LOAD Src\gpio.o
LOAD Src\main.o
LOAD Src\stm32f4xx_hal_msp.o
LOAD Src\stm32f4xx_it.o
LOAD Src\syscalls.o
LOAD Src\system_stm32f4xx.o
LOAD Src\tim.o
LOAD Src\usart.o
LOAD startup\startup_stm32f407xx.o
                0x00000080                malloc_getpagesize_P = 0x80
START GROUP
LOAD c:/program files (x86)/atollic/truestudio for stm32 9.3.0/armtools/bin/../lib/gcc/arm-atollic-eabi/6.3.1/../../../../arm-atollic-eabi/lib/armv7e-m/fpu\libc_nano.a
LOAD c:/program files (x86)/atollic/truestudio for stm32 9.3.0/armtools/bin/../lib/gcc/arm-atollic-eabi/6.3.1/../../../../arm-atollic-eabi/lib/armv7e-m/fpu\libm.a
END GROUP
START GROUP
LOAD c:/program files (x86)/atollic/truestudio for stm32 9.3.0/armtools/bin/../lib/gcc/arm-atollic-eabi/6.3.1/armv7e-m/fpu\libgcc.a
LOAD c:/program files (x86)/atollic/truestudio for stm32 9.3.0/armtools/bin/../lib/gcc/arm-atollic-eabi/6.3.1/../../../../arm-atollic-eabi/lib/armv7e-m/fpu\libc_nano.a
END GROUP
START GROUP
LOAD c:/program files (x86)/atollic/truestudio for stm32 9.3.0/armtools/bin/../lib/gcc/arm-atollic-eabi/6.3.1/armv7e-m/fpu\libgcc.a
LOAD c:/program files (x86)/atollic/truestudio for stm32 9.3.0/armtools/bin/../lib/gcc/arm-atollic-eabi/6.3.1/../../../../arm-atollic-eabi/lib/armv7e-m/fpu\libc_nano.a
LOAD c:/program files (x86)/atollic/truestudio for stm32 9.3.0/armtools/bin/../lib/gcc/arm-atollic-eabi/6.3.1/../../../../arm-atollic-eabi/lib/armv7e-m/fpu\libnosys.a
END GROUP
START GROUP
LOAD c:/program files (x86)/atollic/truestudio for stm32 9.3.0/armtools/bin/../lib/gcc/arm-atollic-eabi/6.3.1/armv7e-m/fpu\libgcc.a
LOAD c:/program files (x86)/atollic/truestudio for stm32 9.3.0/armtools/bin/../lib/gcc/arm-atollic-eabi/6.3.1/../../../../arm-atollic-eabi/lib/armv7e-m/fpu\libc_nano.a
LOAD c:/program files (x86)/atollic/truestudio for stm32 9.3.0/armtools/bin/../lib/gcc/arm-atollic-eabi/6.3.1/../../../../arm-atollic-eabi/lib/armv7e-m/fpu\libnosys.a
END GROUP
LOAD c:/program files (x86)/atollic/truestudio for stm32 9.3.0/armtools/bin/../lib/gcc/arm-atollic-eabi/6.3.1/armv7e-m/fpu/crtend.o
LOAD c:/program files (x86)/atollic/truestudio for stm32 9.3.0/armtools/bin/../lib/gcc/arm-atollic-eabi/6.3.1/armv7e-m/fpu/crtn.o
                0x20020000                _estack = 0x20020000
                0x00000200                _Min_Heap_Size = 0x200
                0x00000400                _Min_Stack_Size = 0x400

.isr_vector     0x08000000      0x188
                0x08000000                . = ALIGN (0x4)
 *(.isr_vector)
 .isr_vector    0x08000000      0x188 startup\startup_stm32f407xx.o
                0x08000000                g_pfnVectors
                0x08000188                . = ALIGN (0x4)

.text           0x08000188     0x3800
                0x08000188                . = ALIGN (0x4)
 *(.text)
 .text          0x08000188       0x40 c:/program files (x86)/atollic/truestudio for stm32 9.3.0/armtools/bin/../lib/gcc/arm-atollic-eabi/6.3.1/armv7e-m/fpu/crtbegin.o
 .text          0x080001c8      0x370 c:/program files (x86)/atollic/truestudio for stm32 9.3.0/armtools/bin/../lib/gcc/arm-atollic-eabi/6.3.1/armv7e-m/fpu\libgcc.a(_arm_addsubdf3.o)
                0x080001c8                __aeabi_drsub
                0x080001d0                __aeabi_dsub
                0x080001d0                __subdf3
                0x080001d4                __aeabi_dadd
                0x080001d4                __adddf3
                0x0800044c                __floatunsidf
                0x0800044c                __aeabi_ui2d
                0x0800046c                __floatsidf
                0x0800046c                __aeabi_i2d
                0x08000490                __aeabi_f2d
                0x08000490                __extendsfdf2
                0x080004cc                __floatundidf
                0x080004cc                __aeabi_ul2d
                0x080004dc                __floatdidf
                0x080004dc                __aeabi_l2d
 .text          0x08000538      0x424 c:/program files (x86)/atollic/truestudio for stm32 9.3.0/armtools/bin/../lib/gcc/arm-atollic-eabi/6.3.1/armv7e-m/fpu\libgcc.a(_arm_muldivdf3.o)
                0x08000538                __aeabi_dmul
                0x08000538                __muldf3
                0x0800078c                __divdf3
                0x0800078c                __aeabi_ddiv
 .text          0x0800095c      0x110 c:/program files (x86)/atollic/truestudio for stm32 9.3.0/armtools/bin/../lib/gcc/arm-atollic-eabi/6.3.1/armv7e-m/fpu\libgcc.a(_arm_cmpdf2.o)
                0x0800095c                __gtdf2
                0x0800095c                __gedf2
                0x08000964                __ltdf2
                0x08000964                __ledf2
                0x0800096c                __nedf2
                0x0800096c                __eqdf2
                0x0800096c                __cmpdf2
                0x080009e8                __aeabi_cdrcmple
                0x080009f8                __aeabi_cdcmpeq
                0x080009f8                __aeabi_cdcmple
                0x08000a08                __aeabi_dcmpeq
                0x08000a1c                __aeabi_dcmplt
                0x08000a30                __aeabi_dcmple
                0x08000a44                __aeabi_dcmpge
                0x08000a58                __aeabi_dcmpgt
 .text          0x08000a6c       0x50 c:/program files (x86)/atollic/truestudio for stm32 9.3.0/armtools/bin/../lib/gcc/arm-atollic-eabi/6.3.1/armv7e-m/fpu\libgcc.a(_arm_fixdfsi.o)
                0x08000a6c                __aeabi_d2iz
                0x08000a6c                __fixdfsi
 .text          0x08000abc       0x40 c:/program files (x86)/atollic/truestudio for stm32 9.3.0/armtools/bin/../lib/gcc/arm-atollic-eabi/6.3.1/armv7e-m/fpu\libgcc.a(_arm_fixunsdfsi.o)
                0x08000abc                __aeabi_d2uiz
                0x08000abc                __fixunsdfsi
 .text          0x08000afc       0x30 c:/program files (x86)/atollic/truestudio for stm32 9.3.0/armtools/bin/../lib/gcc/arm-atollic-eabi/6.3.1/armv7e-m/fpu\libgcc.a(_aeabi_uldivmod.o)
                0x08000afc                __aeabi_uldivmod
 .text          0x08000b2c      0x2dc c:/program files (x86)/atollic/truestudio for stm32 9.3.0/armtools/bin/../lib/gcc/arm-atollic-eabi/6.3.1/armv7e-m/fpu\libgcc.a(_udivmoddi4.o)
                0x08000b2c                __udivmoddi4
 .text          0x08000e08        0x4 c:/program files (x86)/atollic/truestudio for stm32 9.3.0/armtools/bin/../lib/gcc/arm-atollic-eabi/6.3.1/armv7e-m/fpu\libgcc.a(_dvmd_tls.o)
                0x08000e08                __aeabi_idiv0
                0x08000e08                __aeabi_ldiv0
 *(.text*)
 .text.HAL_InitTick
                0x08000e0c       0x48 Drivers\STM32F4xx_HAL_Driver\Src\stm32f4xx_hal.o
                0x08000e0c                HAL_InitTick
 .text.HAL_Init
                0x08000e54       0x34 Drivers\STM32F4xx_HAL_Driver\Src\stm32f4xx_hal.o
                0x08000e54                HAL_Init
 .text.HAL_IncTick
                0x08000e88       0x18 Drivers\STM32F4xx_HAL_Driver\Src\stm32f4xx_hal.o
                0x08000e88                HAL_IncTick
 .text.HAL_GetTick
                0x08000ea0        0xc Drivers\STM32F4xx_HAL_Driver\Src\stm32f4xx_hal.o
                0x08000ea0                HAL_GetTick
 .text.HAL_Delay
                0x08000eac       0x28 Drivers\STM32F4xx_HAL_Driver\Src\stm32f4xx_hal.o
                0x08000eac                HAL_Delay
 .text.HAL_NVIC_SetPriorityGrouping
                0x08000ed4       0x24 Drivers\STM32F4xx_HAL_Driver\Src\stm32f4xx_hal_cortex.o
                0x08000ed4                HAL_NVIC_SetPriorityGrouping
 .text.HAL_NVIC_SetPriority
                0x08000ef8       0x68 Drivers\STM32F4xx_HAL_Driver\Src\stm32f4xx_hal_cortex.o
                0x08000ef8                HAL_NVIC_SetPriority
 .text.HAL_NVIC_EnableIRQ
                0x08000f60       0x1c Drivers\STM32F4xx_HAL_Driver\Src\stm32f4xx_hal_cortex.o
                0x08000f60                HAL_NVIC_EnableIRQ
 .text.HAL_SYSTICK_Config
                0x08000f7c       0x2c Drivers\STM32F4xx_HAL_Driver\Src\stm32f4xx_hal_cortex.o
                0x08000f7c                HAL_SYSTICK_Config
 .text.HAL_DMA_Abort_IT
                0x08000fa8       0x24 Drivers\STM32F4xx_HAL_Driver\Src\stm32f4xx_hal_dma.o
                0x08000fa8                HAL_DMA_Abort_IT
 .text.HAL_GPIO_Init
                0x08000fcc      0x1c0 Drivers\STM32F4xx_HAL_Driver\Src\stm32f4xx_hal_gpio.o
                0x08000fcc                HAL_GPIO_Init
 .text.HAL_GPIO_WritePin
                0x0800118c        0xa Drivers\STM32F4xx_HAL_Driver\Src\stm32f4xx_hal_gpio.o
                0x0800118c                HAL_GPIO_WritePin
 *fill*         0x08001196        0x2 
 .text.HAL_RCC_OscConfig
                0x08001198      0x34c Drivers\STM32F4xx_HAL_Driver\Src\stm32f4xx_hal_rcc.o
                0x08001198                HAL_RCC_OscConfig
 .text.HAL_RCC_GetSysClockFreq
                0x080014e4       0x5c Drivers\STM32F4xx_HAL_Driver\Src\stm32f4xx_hal_rcc.o
                0x080014e4                HAL_RCC_GetSysClockFreq
 .text.HAL_RCC_ClockConfig
                0x08001540      0x138 Drivers\STM32F4xx_HAL_Driver\Src\stm32f4xx_hal_rcc.o
                0x08001540                HAL_RCC_ClockConfig
 .text.HAL_RCC_GetPCLK1Freq
                0x08001678       0x20 Drivers\STM32F4xx_HAL_Driver\Src\stm32f4xx_hal_rcc.o
                0x08001678                HAL_RCC_GetPCLK1Freq
 .text.HAL_RCC_GetPCLK2Freq
                0x08001698       0x20 Drivers\STM32F4xx_HAL_Driver\Src\stm32f4xx_hal_rcc.o
                0x08001698                HAL_RCC_GetPCLK2Freq
 .text.TIM_OC1_SetConfig
                0x080016b8       0x64 Drivers\STM32F4xx_HAL_Driver\Src\stm32f4xx_hal_tim.o
 .text.TIM_OC3_SetConfig
                0x0800171c       0x6c Drivers\STM32F4xx_HAL_Driver\Src\stm32f4xx_hal_tim.o
 .text.TIM_OC4_SetConfig
                0x08001788       0x4c Drivers\STM32F4xx_HAL_Driver\Src\stm32f4xx_hal_tim.o
 .text.HAL_TIM_Base_Start_IT
                0x080017d4       0x20 Drivers\STM32F4xx_HAL_Driver\Src\stm32f4xx_hal_tim.o
                0x080017d4                HAL_TIM_Base_Start_IT
 .text.HAL_TIM_PWM_MspInit
                0x080017f4        0x2 Drivers\STM32F4xx_HAL_Driver\Src\stm32f4xx_hal_tim.o
                0x080017f4                HAL_TIM_PWM_MspInit
 .text.HAL_TIM_Encoder_Start
                0x080017f6       0x44 Drivers\STM32F4xx_HAL_Driver\Src\stm32f4xx_hal_tim.o
                0x080017f6                HAL_TIM_Encoder_Start
 .text.HAL_TIM_OC_DelayElapsedCallback
                0x0800183a        0x2 Drivers\STM32F4xx_HAL_Driver\Src\stm32f4xx_hal_tim.o
                0x0800183a                HAL_TIM_OC_DelayElapsedCallback
 .text.HAL_TIM_IC_CaptureCallback
                0x0800183c        0x2 Drivers\STM32F4xx_HAL_Driver\Src\stm32f4xx_hal_tim.o
                0x0800183c                HAL_TIM_IC_CaptureCallback
 .text.HAL_TIM_PWM_PulseFinishedCallback
                0x0800183e        0x2 Drivers\STM32F4xx_HAL_Driver\Src\stm32f4xx_hal_tim.o
                0x0800183e                HAL_TIM_PWM_PulseFinishedCallback
 .text.HAL_TIM_TriggerCallback
                0x08001840        0x2 Drivers\STM32F4xx_HAL_Driver\Src\stm32f4xx_hal_tim.o
                0x08001840                HAL_TIM_TriggerCallback
 .text.HAL_TIM_IRQHandler
                0x08001842      0x144 Drivers\STM32F4xx_HAL_Driver\Src\stm32f4xx_hal_tim.o
                0x08001842                HAL_TIM_IRQHandler
 *fill*         0x08001986        0x2 
 .text.TIM_Base_SetConfig
                0x08001988       0xcc Drivers\STM32F4xx_HAL_Driver\Src\stm32f4xx_hal_tim.o
                0x08001988                TIM_Base_SetConfig
 .text.HAL_TIM_Base_Init
                0x08001a54       0x34 Drivers\STM32F4xx_HAL_Driver\Src\stm32f4xx_hal_tim.o
                0x08001a54                HAL_TIM_Base_Init
 .text.HAL_TIM_PWM_Init
                0x08001a88       0x34 Drivers\STM32F4xx_HAL_Driver\Src\stm32f4xx_hal_tim.o
                0x08001a88                HAL_TIM_PWM_Init
 .text.HAL_TIM_Encoder_Init
                0x08001abc       0x96 Drivers\STM32F4xx_HAL_Driver\Src\stm32f4xx_hal_tim.o
                0x08001abc                HAL_TIM_Encoder_Init
 *fill*         0x08001b52        0x2 
 .text.TIM_OC2_SetConfig
                0x08001b54       0x6c Drivers\STM32F4xx_HAL_Driver\Src\stm32f4xx_hal_tim.o
                0x08001b54                TIM_OC2_SetConfig
 .text.HAL_TIM_PWM_ConfigChannel
                0x08001bc0       0xc4 Drivers\STM32F4xx_HAL_Driver\Src\stm32f4xx_hal_tim.o
                0x08001bc0                HAL_TIM_PWM_ConfigChannel
 .text.TIM_ETR_SetConfig
                0x08001c84       0x14 Drivers\STM32F4xx_HAL_Driver\Src\stm32f4xx_hal_tim.o
                0x08001c84                TIM_ETR_SetConfig
 .text.HAL_TIM_ConfigClockSource
                0x08001c98      0x128 Drivers\STM32F4xx_HAL_Driver\Src\stm32f4xx_hal_tim.o
                0x08001c98                HAL_TIM_ConfigClockSource
 .text.TIM_CCxChannelCmd
                0x08001dc0       0x1c Drivers\STM32F4xx_HAL_Driver\Src\stm32f4xx_hal_tim.o
                0x08001dc0                TIM_CCxChannelCmd
 .text.HAL_TIM_PWM_Start
                0x08001ddc       0x40 Drivers\STM32F4xx_HAL_Driver\Src\stm32f4xx_hal_tim.o
                0x08001ddc                HAL_TIM_PWM_Start
 .text.HAL_TIMEx_MasterConfigSynchronization
                0x08001e1c       0x84 Drivers\STM32F4xx_HAL_Driver\Src\stm32f4xx_hal_tim_ex.o
                0x08001e1c                HAL_TIMEx_MasterConfigSynchronization
 .text.HAL_TIMEx_ConfigBreakDeadTime
                0x08001ea0       0x4c Drivers\STM32F4xx_HAL_Driver\Src\stm32f4xx_hal_tim_ex.o
                0x08001ea0                HAL_TIMEx_ConfigBreakDeadTime
 .text.HAL_TIMEx_CommutCallback
                0x08001eec        0x2 Drivers\STM32F4xx_HAL_Driver\Src\stm32f4xx_hal_tim_ex.o
                0x08001eec                HAL_TIMEx_CommutCallback
 .text.HAL_TIMEx_BreakCallback
                0x08001eee        0x2 Drivers\STM32F4xx_HAL_Driver\Src\stm32f4xx_hal_tim_ex.o
                0x08001eee                HAL_TIMEx_BreakCallback
 .text.UART_EndRxTransfer
                0x08001ef0       0x1a Drivers\STM32F4xx_HAL_Driver\Src\stm32f4xx_hal_uart.o
 *fill*         0x08001f0a        0x2 
 .text.UART_SetConfig
                0x08001f0c       0xdc Drivers\STM32F4xx_HAL_Driver\Src\stm32f4xx_hal_uart.o
 .text.UART_WaitOnFlagUntilTimeout.constprop.3
                0x08001fe8       0x50 Drivers\STM32F4xx_HAL_Driver\Src\stm32f4xx_hal_uart.o
 .text.HAL_UART_Init
                0x08002038       0x5c Drivers\STM32F4xx_HAL_Driver\Src\stm32f4xx_hal_uart.o
                0x08002038                HAL_UART_Init
 .text.HAL_UART_Transmit
                0x08002094       0xbe Drivers\STM32F4xx_HAL_Driver\Src\stm32f4xx_hal_uart.o
                0x08002094                HAL_UART_Transmit
 .text.HAL_UART_Receive
                0x08002152       0xc4 Drivers\STM32F4xx_HAL_Driver\Src\stm32f4xx_hal_uart.o
                0x08002152                HAL_UART_Receive
 .text.HAL_UART_Receive_IT
                0x08002216       0x4e Drivers\STM32F4xx_HAL_Driver\Src\stm32f4xx_hal_uart.o
                0x08002216                HAL_UART_Receive_IT
 .text.HAL_UART_TxCpltCallback
                0x08002264        0x2 Drivers\STM32F4xx_HAL_Driver\Src\stm32f4xx_hal_uart.o
                0x08002264                HAL_UART_TxCpltCallback
 .text.UART_Receive_IT
                0x08002266       0x7c Drivers\STM32F4xx_HAL_Driver\Src\stm32f4xx_hal_uart.o
 .text.HAL_UART_ErrorCallback
                0x080022e2        0x2 Drivers\STM32F4xx_HAL_Driver\Src\stm32f4xx_hal_uart.o
                0x080022e2                HAL_UART_ErrorCallback
 .text.HAL_UART_IRQHandler
                0x080022e4      0x144 Drivers\STM32F4xx_HAL_Driver\Src\stm32f4xx_hal_uart.o
                0x080022e4                HAL_UART_IRQHandler
 .text.UART_DMAAbortOnError
                0x08002428       0x10 Drivers\STM32F4xx_HAL_Driver\Src\stm32f4xx_hal_uart.o
 .text.MX_GPIO_Init
                0x08002438      0x170 Src\gpio.o
                0x08002438                MX_GPIO_Init
 .text.array_element_of_index_equal
                0x080025a8       0x22 Src\main.o
                0x080025a8                array_element_of_index_equal
 .text.array_avg_compare
                0x080025ca       0x48 Src\main.o
                0x080025ca                array_avg_compare
 *fill*         0x08002612        0x6 
 .text.HAL_TIM_PeriodElapsedCallback
                0x08002618      0x168 Src\main.o
                0x08002618                HAL_TIM_PeriodElapsedCallback
 .text.SystemClock_Config
                0x08002780       0x98 Src\main.o
                0x08002780                SystemClock_Config
 .text.startup.main
                0x08002818      0x608 Src\main.o
                0x08002818                main
 .text.HAL_UART_RxCpltCallback
                0x08002e20       0x20 Src\main.o
                0x08002e20                HAL_UART_RxCpltCallback
 .text.Error_Handler
                0x08002e40        0x2 Src\main.o
                0x08002e40                Error_Handler
 *fill*         0x08002e42        0x2 
 .text.HAL_MspInit
                0x08002e44       0x40 Src\stm32f4xx_hal_msp.o
                0x08002e44                HAL_MspInit
 .text.NMI_Handler
                0x08002e84        0x2 Src\stm32f4xx_it.o
                0x08002e84                NMI_Handler
 .text.HardFault_Handler
                0x08002e86        0x2 Src\stm32f4xx_it.o
                0x08002e86                HardFault_Handler
 .text.MemManage_Handler
                0x08002e88        0x2 Src\stm32f4xx_it.o
                0x08002e88                MemManage_Handler
 .text.BusFault_Handler
                0x08002e8a        0x2 Src\stm32f4xx_it.o
                0x08002e8a                BusFault_Handler
 .text.UsageFault_Handler
                0x08002e8c        0x2 Src\stm32f4xx_it.o
                0x08002e8c                UsageFault_Handler
 .text.SVC_Handler
                0x08002e8e        0x2 Src\stm32f4xx_it.o
                0x08002e8e                SVC_Handler
 .text.DebugMon_Handler
                0x08002e90        0x2 Src\stm32f4xx_it.o
                0x08002e90                DebugMon_Handler
 .text.PendSV_Handler
                0x08002e92        0x2 Src\stm32f4xx_it.o
                0x08002e92                PendSV_Handler
 .text.SysTick_Handler
                0x08002e94        0x4 Src\stm32f4xx_it.o
                0x08002e94                SysTick_Handler
 .text.USART2_IRQHandler
                0x08002e98        0xc Src\stm32f4xx_it.o
                0x08002e98                USART2_IRQHandler
 .text.TIM6_DAC_IRQHandler
                0x08002ea4        0xc Src\stm32f4xx_it.o
                0x08002ea4                TIM6_DAC_IRQHandler
 .text.SystemInit
                0x08002eb0       0x1c Src\system_stm32f4xx.o
                0x08002eb0                SystemInit
 .text.MX_TIM2_Init
                0x08002ecc       0x5c Src\tim.o
                0x08002ecc                MX_TIM2_Init
 .text.MX_TIM3_Init
                0x08002f28       0x5c Src\tim.o
                0x08002f28                MX_TIM3_Init
 .text.MX_TIM4_Init
                0x08002f84       0x5c Src\tim.o
                0x08002f84                MX_TIM4_Init
 .text.MX_TIM5_Init
                0x08002fe0       0x5c Src\tim.o
                0x08002fe0                MX_TIM5_Init
 .text.MX_TIM6_Init
                0x0800303c       0x48 Src\tim.o
                0x0800303c                MX_TIM6_Init
 .text.HAL_TIM_Base_MspInit
                0x08003084       0x54 Src\tim.o
                0x08003084                HAL_TIM_Base_MspInit
 .text.HAL_TIM_Encoder_MspInit
                0x080030d8      0x160 Src\tim.o
                0x080030d8                HAL_TIM_Encoder_MspInit
 .text.HAL_TIM_MspPostInit
                0x08003238       0x58 Src\tim.o
                0x08003238                HAL_TIM_MspPostInit
 .text.MX_TIM1_Init
                0x08003290      0x104 Src\tim.o
                0x08003290                MX_TIM1_Init
 .text.MX_USART2_UART_Init
                0x08003394       0x38 Src\usart.o
                0x08003394                MX_USART2_UART_Init
 .text.MX_USART3_UART_Init
                0x080033cc       0x38 Src\usart.o
                0x080033cc                MX_USART3_UART_Init
 .text.HAL_UART_MspInit
                0x08003404       0xc0 Src\usart.o
                0x08003404                HAL_UART_MspInit
 .text.Reset_Handler
                0x080034c4       0x50 startup\startup_stm32f407xx.o
                0x080034c4                Reset_Handler
 .text.Default_Handler
                0x08003514        0x2 startup\startup_stm32f407xx.o
                0x08003514                RTC_Alarm_IRQHandler
                0x08003514                HASH_RNG_IRQHandler
                0x08003514                EXTI2_IRQHandler
                0x08003514                TIM8_CC_IRQHandler
                0x08003514                TIM1_CC_IRQHandler
                0x08003514                DMA2_Stream5_IRQHandler
                0x08003514                DMA1_Stream5_IRQHandler
                0x08003514                PVD_IRQHandler
                0x08003514                SDIO_IRQHandler
                0x08003514                TAMP_STAMP_IRQHandler
                0x08003514                CAN2_RX1_IRQHandler
                0x08003514                EXTI3_IRQHandler
                0x08003514                TIM8_TRG_COM_TIM14_IRQHandler
                0x08003514                TIM1_UP_TIM10_IRQHandler
                0x08003514                TIM8_UP_TIM13_IRQHandler
                0x08003514                I2C3_ER_IRQHandler
                0x08003514                EXTI0_IRQHandler
                0x08003514                I2C2_EV_IRQHandler
                0x08003514                DMA1_Stream2_IRQHandler
                0x08003514                CAN1_RX0_IRQHandler
                0x08003514                FPU_IRQHandler
                0x08003514                OTG_HS_WKUP_IRQHandler
                0x08003514                CAN2_SCE_IRQHandler
                0x08003514                DMA2_Stream2_IRQHandler
                0x08003514                SPI1_IRQHandler
                0x08003514                TIM1_BRK_TIM9_IRQHandler
                0x08003514                DCMI_IRQHandler
                0x08003514                CAN2_RX0_IRQHandler
                0x08003514                DMA2_Stream3_IRQHandler
                0x08003514                USART6_IRQHandler
                0x08003514                USART3_IRQHandler
                0x08003514                CAN1_RX1_IRQHandler
                0x08003514                UART5_IRQHandler
                0x08003514                DMA2_Stream0_IRQHandler
                0x08003514                TIM4_IRQHandler
                0x08003514                I2C1_EV_IRQHandler
                0x08003514                DMA1_Stream6_IRQHandler
                0x08003514                DMA1_Stream1_IRQHandler
                0x08003514                UART4_IRQHandler
                0x08003514                TIM3_IRQHandler
                0x08003514                RCC_IRQHandler
                0x08003514                TIM8_BRK_TIM12_IRQHandler
                0x08003514                Default_Handler
                0x08003514                EXTI15_10_IRQHandler
                0x08003514                ADC_IRQHandler
                0x08003514                DMA1_Stream7_IRQHandler
                0x08003514                TIM7_IRQHandler
                0x08003514                CAN2_TX_IRQHandler
                0x08003514                TIM5_IRQHandler
                0x08003514                DMA2_Stream7_IRQHandler
                0x08003514                I2C3_EV_IRQHandler
                0x08003514                EXTI9_5_IRQHandler
                0x08003514                RTC_WKUP_IRQHandler
                0x08003514                ETH_WKUP_IRQHandler
                0x08003514                SPI2_IRQHandler
                0x08003514                OTG_HS_EP1_IN_IRQHandler
                0x08003514                DMA1_Stream0_IRQHandler
                0x08003514                CAN1_TX_IRQHandler
                0x08003514                EXTI4_IRQHandler
                0x08003514                FSMC_IRQHandler
                0x08003514                ETH_IRQHandler
                0x08003514                OTG_HS_EP1_OUT_IRQHandler
                0x08003514                WWDG_IRQHandler
                0x08003514                TIM2_IRQHandler
                0x08003514                OTG_FS_WKUP_IRQHandler
                0x08003514                TIM1_TRG_COM_TIM11_IRQHandler
                0x08003514                OTG_HS_IRQHandler
                0x08003514                EXTI1_IRQHandler
                0x08003514                I2C2_ER_IRQHandler
                0x08003514                DMA2_Stream1_IRQHandler
                0x08003514                CAN1_SCE_IRQHandler
                0x08003514                FLASH_IRQHandler
                0x08003514                DMA2_Stream4_IRQHandler
                0x08003514                USART1_IRQHandler
                0x08003514                OTG_FS_IRQHandler
                0x08003514                SPI3_IRQHandler
                0x08003514                DMA1_Stream4_IRQHandler
                0x08003514                I2C1_ER_IRQHandler
                0x08003514                DMA2_Stream6_IRQHandler
                0x08003514                DMA1_Stream3_IRQHandler
 *fill*         0x08003516        0x2 
 .text.__errno  0x08003518        0xc c:/program files (x86)/atollic/truestudio for stm32 9.3.0/armtools/bin/../lib/gcc/arm-atollic-eabi/6.3.1/../../../../arm-atollic-eabi/lib/armv7e-m/fpu\libc_nano.a(lib_a-errno.o)
                0x08003518                __errno
 .text.__libc_init_array
                0x08003524       0x48 c:/program files (x86)/atollic/truestudio for stm32 9.3.0/armtools/bin/../lib/gcc/arm-atollic-eabi/6.3.1/../../../../arm-atollic-eabi/lib/armv7e-m/fpu\libc_nano.a(lib_a-init.o)
                0x08003524                __libc_init_array
 .text.memset   0x0800356c       0x10 c:/program files (x86)/atollic/truestudio for stm32 9.3.0/armtools/bin/../lib/gcc/arm-atollic-eabi/6.3.1/../../../../arm-atollic-eabi/lib/armv7e-m/fpu\libc_nano.a(lib_a-memset.o)
                0x0800356c                memset
 *fill*         0x0800357c        0x4 
 .text.exp      0x08003580       0xf8 c:/program files (x86)/atollic/truestudio for stm32 9.3.0/armtools/bin/../lib/gcc/arm-atollic-eabi/6.3.1/../../../../arm-atollic-eabi/lib/armv7e-m/fpu\libm.a(lib_a-w_exp.o)
                0x08003580                exp
 .text.__ieee754_exp
                0x08003678      0x2e4 c:/program files (x86)/atollic/truestudio for stm32 9.3.0/armtools/bin/../lib/gcc/arm-atollic-eabi/6.3.1/../../../../arm-atollic-eabi/lib/armv7e-m/fpu\libm.a(lib_a-e_exp.o)
                0x08003678                __ieee754_exp
 .text.finite   0x0800395c       0x10 c:/program files (x86)/atollic/truestudio for stm32 9.3.0/armtools/bin/../lib/gcc/arm-atollic-eabi/6.3.1/../../../../arm-atollic-eabi/lib/armv7e-m/fpu\libm.a(lib_a-s_finite.o)
                0x0800395c                finite
 .text.matherr  0x0800396c        0x4 c:/program files (x86)/atollic/truestudio for stm32 9.3.0/armtools/bin/../lib/gcc/arm-atollic-eabi/6.3.1/../../../../arm-atollic-eabi/lib/armv7e-m/fpu\libm.a(lib_a-s_matherr.o)
                0x0800396c                matherr
 *(.glue_7)
 .glue_7        0x08003970        0x0 linker stubs
 *(.glue_7t)
 .glue_7t       0x08003970        0x0 linker stubs
 *(.eh_frame)
 .eh_frame      0x08003970        0x0 c:/program files (x86)/atollic/truestudio for stm32 9.3.0/armtools/bin/../lib/gcc/arm-atollic-eabi/6.3.1/armv7e-m/fpu/crtbegin.o
 *(.init)
 .init          0x08003970        0x4 c:/program files (x86)/atollic/truestudio for stm32 9.3.0/armtools/bin/../lib/gcc/arm-atollic-eabi/6.3.1/armv7e-m/fpu/crti.o
                0x08003970                _init
 .init          0x08003974        0x8 c:/program files (x86)/atollic/truestudio for stm32 9.3.0/armtools/bin/../lib/gcc/arm-atollic-eabi/6.3.1/armv7e-m/fpu/crtn.o
 *(.fini)
 .fini          0x0800397c        0x4 c:/program files (x86)/atollic/truestudio for stm32 9.3.0/armtools/bin/../lib/gcc/arm-atollic-eabi/6.3.1/armv7e-m/fpu/crti.o
                0x0800397c                _fini
 .fini          0x08003980        0x8 c:/program files (x86)/atollic/truestudio for stm32 9.3.0/armtools/bin/../lib/gcc/arm-atollic-eabi/6.3.1/armv7e-m/fpu/crtn.o
                0x08003988                . = ALIGN (0x4)
                0x08003988                _etext = .

.vfp11_veneer   0x08003988        0x0
 .vfp11_veneer  0x08003988        0x0 linker stubs

.v4_bx          0x08003988        0x0
 .v4_bx         0x08003988        0x0 linker stubs

.iplt           0x08003988        0x0
 .iplt          0x08003988        0x0 c:/program files (x86)/atollic/truestudio for stm32 9.3.0/armtools/bin/../lib/gcc/arm-atollic-eabi/6.3.1/armv7e-m/fpu/crtbegin.o

.rodata         0x08003988       0x50
                0x08003988                . = ALIGN (0x4)
 *(.rodata)
 *(.rodata*)
 .rodata.AHBPrescTable
                0x08003988       0x10 Src\system_stm32f4xx.o
                0x08003988                AHBPrescTable
 .rodata.APBPrescTable
                0x08003998        0x8 Src\system_stm32f4xx.o
                0x08003998                APBPrescTable
 .rodata.exp.str1.1
                0x080039a0        0x4 c:/program files (x86)/atollic/truestudio for stm32 9.3.0/armtools/bin/../lib/gcc/arm-atollic-eabi/6.3.1/../../../../arm-atollic-eabi/lib/armv7e-m/fpu\libm.a(lib_a-w_exp.o)
 *fill*         0x080039a4        0x4 
 .rodata.halF   0x080039a8       0x10 c:/program files (x86)/atollic/truestudio for stm32 9.3.0/armtools/bin/../lib/gcc/arm-atollic-eabi/6.3.1/../../../../arm-atollic-eabi/lib/armv7e-m/fpu\libm.a(lib_a-e_exp.o)
 .rodata.ln2HI  0x080039b8       0x10 c:/program files (x86)/atollic/truestudio for stm32 9.3.0/armtools/bin/../lib/gcc/arm-atollic-eabi/6.3.1/../../../../arm-atollic-eabi/lib/armv7e-m/fpu\libm.a(lib_a-e_exp.o)
 .rodata.ln2LO  0x080039c8       0x10 c:/program files (x86)/atollic/truestudio for stm32 9.3.0/armtools/bin/../lib/gcc/arm-atollic-eabi/6.3.1/../../../../arm-atollic-eabi/lib/armv7e-m/fpu\libm.a(lib_a-e_exp.o)
                0x080039d8                . = ALIGN (0x4)

.ARM.extab
 *(.ARM.extab* .gnu.linkonce.armextab.*)

.ARM            0x080039d8        0x8
                0x080039d8                __exidx_start = .
 *(.ARM.exidx*)
 .ARM.exidx     0x080039d8        0x8 c:/program files (x86)/atollic/truestudio for stm32 9.3.0/armtools/bin/../lib/gcc/arm-atollic-eabi/6.3.1/armv7e-m/fpu\libgcc.a(_udivmoddi4.o)
                0x080039e0                __exidx_end = .

.rel.dyn        0x080039e0        0x0
 .rel.iplt      0x080039e0        0x0 c:/program files (x86)/atollic/truestudio for stm32 9.3.0/armtools/bin/../lib/gcc/arm-atollic-eabi/6.3.1/armv7e-m/fpu/crtbegin.o

.preinit_array  0x080039e0        0x0
                0x080039e0                PROVIDE (__preinit_array_start, .)
 *(.preinit_array*)
                0x080039e0                PROVIDE (__preinit_array_end, .)

.init_array     0x080039e0        0x4
                0x080039e0                PROVIDE (__init_array_start, .)
 *(SORT(.init_array.*))
 *(.init_array*)
 .init_array    0x080039e0        0x4 c:/program files (x86)/atollic/truestudio for stm32 9.3.0/armtools/bin/../lib/gcc/arm-atollic-eabi/6.3.1/armv7e-m/fpu/crtbegin.o
                0x080039e4                PROVIDE (__init_array_end, .)

.fini_array     0x080039e4        0x4
                [!provide]                PROVIDE (__fini_array_start, .)
 *(SORT(.fini_array.*))
 *(.fini_array*)
 .fini_array    0x080039e4        0x4 c:/program files (x86)/atollic/truestudio for stm32 9.3.0/armtools/bin/../lib/gcc/arm-atollic-eabi/6.3.1/armv7e-m/fpu/crtbegin.o
                [!provide]                PROVIDE (__fini_array_end, .)
                0x080039e8                _sidata = LOADADDR (.data)

.data           0x20000000       0xa0 load address 0x080039e8
                0x20000000                . = ALIGN (0x4)
                0x20000000                _sdata = .
 *(.data)
 *(.data*)
 .data.uwTickFreq
                0x20000000        0x1 Drivers\STM32F4xx_HAL_Driver\Src\stm32f4xx_hal.o
                0x20000000                uwTickFreq
 *fill*         0x20000001        0x3 
 .data.uwTickPrio
                0x20000004        0x4 Drivers\STM32F4xx_HAL_Driver\Src\stm32f4xx_hal.o
                0x20000004                uwTickPrio
 .data.Kp       0x20000008        0x4 Src\main.o
                0x20000008                Kp
 .data.desired_speed
                0x2000000c        0x4 Src\main.o
                0x2000000c                desired_speed
 .data.old_PID_speed
                0x20000010       0x10 Src\main.o
                0x20000010                old_PID_speed
 .data.scan_command
                0x20000020        0x2 Src\main.o
                0x20000020                scan_command
 .data.scan_response
                0x20000022        0x7 Src\main.o
                0x20000022                scan_response
 *fill*         0x20000029        0x1 
 .data.speed    0x2000002a        0x2 Src\main.o
                0x2000002a                speed
 .data.speed_LR
                0x2000002c        0x2 Src\main.o
                0x2000002c                speed_LR
 .data.speed_turn
                0x2000002e        0x2 Src\main.o
                0x2000002e                speed_turn
 .data.stop_command
                0x20000030        0x2 Src\main.o
                0x20000030                stop_command
 *fill*         0x20000032        0x2 
 .data.SystemCoreClock
                0x20000034        0x4 Src\system_stm32f4xx.o
                0x20000034                SystemCoreClock
 .data._impure_ptr
                0x20000038        0x4 c:/program files (x86)/atollic/truestudio for stm32 9.3.0/armtools/bin/../lib/gcc/arm-atollic-eabi/6.3.1/../../../../arm-atollic-eabi/lib/armv7e-m/fpu\libc_nano.a(lib_a-impure.o)
                0x20000038                _impure_ptr
 .data.impure_data
                0x2000003c       0x60 c:/program files (x86)/atollic/truestudio for stm32 9.3.0/armtools/bin/../lib/gcc/arm-atollic-eabi/6.3.1/../../../../arm-atollic-eabi/lib/armv7e-m/fpu\libc_nano.a(lib_a-impure.o)
 .data.__fdlib_version
                0x2000009c        0x1 c:/program files (x86)/atollic/truestudio for stm32 9.3.0/armtools/bin/../lib/gcc/arm-atollic-eabi/6.3.1/../../../../arm-atollic-eabi/lib/armv7e-m/fpu\libm.a(lib_a-s_lib_ver.o)
                0x2000009c                __fdlib_version
                0x200000a0                . = ALIGN (0x4)
 *fill*         0x2000009d        0x3 
                0x200000a0                _edata = .
                0x08003a88                _siccmram = LOADADDR (.ccmram)

.igot.plt       0x200000a0        0x0 load address 0x08003a88
 .igot.plt      0x200000a0        0x0 c:/program files (x86)/atollic/truestudio for stm32 9.3.0/armtools/bin/../lib/gcc/arm-atollic-eabi/6.3.1/armv7e-m/fpu/crtbegin.o

.ccmram         0x10000000        0x0 load address 0x08003a88
                0x10000000                . = ALIGN (0x4)
                0x10000000                _sccmram = .
 *(.ccmram)
 *(.ccmram*)
                0x10000000                . = ALIGN (0x4)
                0x10000000                _eccmram = .
                0x10000000                . = ALIGN (0x4)

.bss            0x200000a0      0x558
                0x200000a0                _sbss = .
                0x200000a0                __bss_start__ = _sbss
 *(.bss)
 .bss           0x200000a0       0x1c c:/program files (x86)/atollic/truestudio for stm32 9.3.0/armtools/bin/../lib/gcc/arm-atollic-eabi/6.3.1/armv7e-m/fpu/crtbegin.o
 *(.bss*)
 .bss.MOTER_PWM
                0x200000bc       0x10 Src\main.o
                0x200000bc                MOTER_PWM
 .bss.PID_speed
                0x200000cc       0x10 Src\main.o
                0x200000cc                PID_speed
 .bss.Q         0x200000dc        0x1 Src\main.o
                0x200000dc                Q
 .bss.S         0x200000dd        0x1 Src\main.o
                0x200000dd                S
 .bss.avg_DIFF  0x200000de        0x2 Src\main.o
                0x200000de                avg_DIFF
 .bss.distance  0x200000e0      0x2d0 Src\main.o
                0x200000e0                distance
 .bss.encoder_cnt
                0x200003b0       0x10 Src\main.o
                0x200003b0                encoder_cnt
 .bss.encoder_speed
                0x200003c0       0x10 Src\main.o
                0x200003c0                encoder_speed
 .bss.error_speed
                0x200003d0       0x10 Src\main.o
                0x200003d0                error_speed
 .bss.rx2_data  0x200003e0        0x1 Src\main.o
                0x200003e0                rx2_data
 .bss.rx3_data  0x200003e1        0x5 Src\main.o
                0x200003e1                rx3_data
 .bss.rx3_start
                0x200003e6        0x7 Src\main.o
                0x200003e6                rx3_start
 .bss.scan_start
                0x200003ed        0x1 Src\main.o
                0x200003ed                scan_start
 *(COMMON)
 *fill*         0x200003ee        0x2 
 COMMON         0x200003f0        0x4 Drivers\STM32F4xx_HAL_Driver\Src\stm32f4xx_hal.o
                0x200003f0                uwTick
 COMMON         0x200003f4        0x4 Src\main.o
                0x200003f4                angle
                0x200003f6                d
 COMMON         0x200003f8      0x180 Src\tim.o
                0x200003f8                htim4
                0x20000438                htim5
                0x20000478                htim3
                0x200004b8                htim6
                0x200004f8                htim1
                0x20000538                htim2
 COMMON         0x20000578       0x80 Src\usart.o
                0x20000578                huart3
                0x200005b8                huart2
                0x200005f8                . = ALIGN (0x4)
                0x200005f8                _ebss = .
                0x200005f8                __bss_end__ = _ebss

._user_heap_stack
                0x200005f8      0x600
                0x200005f8                . = ALIGN (0x4)
                0x200005f8                PROVIDE (end, .)
                [!provide]                PROVIDE (_end, .)
                0x200007f8                . = (. + _Min_Heap_Size)
 *fill*         0x200005f8      0x200 
                0x20000bf8                . = (. + _Min_Stack_Size)
 *fill*         0x200007f8      0x400 
                0x20000bf8                . = ALIGN (0x4)

/DISCARD/
 libc.a(*)
 libm.a(*)
 libgcc.a(*)

.ARM.attributes
                0x00000000       0x30
 *(.ARM.attributes)
 .ARM.attributes
                0x00000000       0x22 c:/program files (x86)/atollic/truestudio for stm32 9.3.0/armtools/bin/../lib/gcc/arm-atollic-eabi/6.3.1/armv7e-m/fpu/crti.o
 .ARM.attributes
                0x00000022       0x34 c:/program files (x86)/atollic/truestudio for stm32 9.3.0/armtools/bin/../lib/gcc/arm-atollic-eabi/6.3.1/armv7e-m/fpu/crtbegin.o
 .ARM.attributes
                0x00000056       0x39 Drivers\STM32F4xx_HAL_Driver\Src\stm32f4xx_hal.o
 .ARM.attributes
                0x0000008f       0x39 Drivers\STM32F4xx_HAL_Driver\Src\stm32f4xx_hal_cortex.o
 .ARM.attributes
                0x000000c8       0x39 Drivers\STM32F4xx_HAL_Driver\Src\stm32f4xx_hal_dma.o
 .ARM.attributes
                0x00000101       0x39 Drivers\STM32F4xx_HAL_Driver\Src\stm32f4xx_hal_gpio.o
 .ARM.attributes
                0x0000013a       0x39 Drivers\STM32F4xx_HAL_Driver\Src\stm32f4xx_hal_rcc.o
 .ARM.attributes
                0x00000173       0x39 Drivers\STM32F4xx_HAL_Driver\Src\stm32f4xx_hal_tim.o
 .ARM.attributes
                0x000001ac       0x39 Drivers\STM32F4xx_HAL_Driver\Src\stm32f4xx_hal_tim_ex.o
 .ARM.attributes
                0x000001e5       0x39 Drivers\STM32F4xx_HAL_Driver\Src\stm32f4xx_hal_uart.o
 .ARM.attributes
                0x0000021e       0x39 Src\gpio.o
 .ARM.attributes
                0x00000257       0x39 Src\main.o
 .ARM.attributes
                0x00000290       0x39 Src\stm32f4xx_hal_msp.o
 .ARM.attributes
                0x000002c9       0x39 Src\stm32f4xx_it.o
 .ARM.attributes
                0x00000302       0x39 Src\system_stm32f4xx.o
 .ARM.attributes
                0x0000033b       0x39 Src\tim.o
 .ARM.attributes
                0x00000374       0x39 Src\usart.o
 .ARM.attributes
                0x000003ad       0x21 startup\startup_stm32f407xx.o
 .ARM.attributes
                0x000003ce       0x34 c:/program files (x86)/atollic/truestudio for stm32 9.3.0/armtools/bin/../lib/gcc/arm-atollic-eabi/6.3.1/../../../../arm-atollic-eabi/lib/armv7e-m/fpu\libc_nano.a(lib_a-errno.o)
 .ARM.attributes
                0x00000402       0x34 c:/program files (x86)/atollic/truestudio for stm32 9.3.0/armtools/bin/../lib/gcc/arm-atollic-eabi/6.3.1/../../../../arm-atollic-eabi/lib/armv7e-m/fpu\libc_nano.a(lib_a-impure.o)
 .ARM.attributes
                0x00000436       0x34 c:/program files (x86)/atollic/truestudio for stm32 9.3.0/armtools/bin/../lib/gcc/arm-atollic-eabi/6.3.1/../../../../arm-atollic-eabi/lib/armv7e-m/fpu\libc_nano.a(lib_a-init.o)
 .ARM.attributes
                0x0000046a       0x34 c:/program files (x86)/atollic/truestudio for stm32 9.3.0/armtools/bin/../lib/gcc/arm-atollic-eabi/6.3.1/../../../../arm-atollic-eabi/lib/armv7e-m/fpu\libc_nano.a(lib_a-memset.o)
 .ARM.attributes
                0x0000049e       0x34 c:/program files (x86)/atollic/truestudio for stm32 9.3.0/armtools/bin/../lib/gcc/arm-atollic-eabi/6.3.1/../../../../arm-atollic-eabi/lib/armv7e-m/fpu\libm.a(lib_a-w_exp.o)
 .ARM.attributes
                0x000004d2       0x34 c:/program files (x86)/atollic/truestudio for stm32 9.3.0/armtools/bin/../lib/gcc/arm-atollic-eabi/6.3.1/../../../../arm-atollic-eabi/lib/armv7e-m/fpu\libm.a(lib_a-e_exp.o)
 .ARM.attributes
                0x00000506       0x34 c:/program files (x86)/atollic/truestudio for stm32 9.3.0/armtools/bin/../lib/gcc/arm-atollic-eabi/6.3.1/../../../../arm-atollic-eabi/lib/armv7e-m/fpu\libm.a(lib_a-s_finite.o)
 .ARM.attributes
                0x0000053a       0x34 c:/program files (x86)/atollic/truestudio for stm32 9.3.0/armtools/bin/../lib/gcc/arm-atollic-eabi/6.3.1/../../../../arm-atollic-eabi/lib/armv7e-m/fpu\libm.a(lib_a-s_lib_ver.o)
 .ARM.attributes
                0x0000056e       0x34 c:/program files (x86)/atollic/truestudio for stm32 9.3.0/armtools/bin/../lib/gcc/arm-atollic-eabi/6.3.1/../../../../arm-atollic-eabi/lib/armv7e-m/fpu\libm.a(lib_a-s_matherr.o)
 .ARM.attributes
                0x000005a2       0x22 c:/program files (x86)/atollic/truestudio for stm32 9.3.0/armtools/bin/../lib/gcc/arm-atollic-eabi/6.3.1/armv7e-m/fpu\libgcc.a(_arm_addsubdf3.o)
 .ARM.attributes
                0x000005c4       0x22 c:/program files (x86)/atollic/truestudio for stm32 9.3.0/armtools/bin/../lib/gcc/arm-atollic-eabi/6.3.1/armv7e-m/fpu\libgcc.a(_arm_muldivdf3.o)
 .ARM.attributes
                0x000005e6       0x22 c:/program files (x86)/atollic/truestudio for stm32 9.3.0/armtools/bin/../lib/gcc/arm-atollic-eabi/6.3.1/armv7e-m/fpu\libgcc.a(_arm_cmpdf2.o)
 .ARM.attributes
                0x00000608       0x22 c:/program files (x86)/atollic/truestudio for stm32 9.3.0/armtools/bin/../lib/gcc/arm-atollic-eabi/6.3.1/armv7e-m/fpu\libgcc.a(_arm_fixdfsi.o)
 .ARM.attributes
                0x0000062a       0x22 c:/program files (x86)/atollic/truestudio for stm32 9.3.0/armtools/bin/../lib/gcc/arm-atollic-eabi/6.3.1/armv7e-m/fpu\libgcc.a(_arm_fixunsdfsi.o)
 .ARM.attributes
                0x0000064c       0x22 c:/program files (x86)/atollic/truestudio for stm32 9.3.0/armtools/bin/../lib/gcc/arm-atollic-eabi/6.3.1/armv7e-m/fpu\libgcc.a(_aeabi_uldivmod.o)
 .ARM.attributes
                0x0000066e       0x34 c:/program files (x86)/atollic/truestudio for stm32 9.3.0/armtools/bin/../lib/gcc/arm-atollic-eabi/6.3.1/armv7e-m/fpu\libgcc.a(_udivmoddi4.o)
 .ARM.attributes
                0x000006a2       0x22 c:/program files (x86)/atollic/truestudio for stm32 9.3.0/armtools/bin/../lib/gcc/arm-atollic-eabi/6.3.1/armv7e-m/fpu\libgcc.a(_dvmd_tls.o)
 .ARM.attributes
                0x000006c4       0x22 c:/program files (x86)/atollic/truestudio for stm32 9.3.0/armtools/bin/../lib/gcc/arm-atollic-eabi/6.3.1/armv7e-m/fpu/crtn.o
OUTPUT(encoder_2.elf elf32-littlearm)

.debug_info     0x00000000     0xfb01
 .debug_info    0x00000000      0xa14 Drivers\STM32F4xx_HAL_Driver\Src\stm32f4xx_hal.o
 .debug_info    0x00000a14      0xf8a Drivers\STM32F4xx_HAL_Driver\Src\stm32f4xx_hal_cortex.o
 .debug_info    0x0000199e      0xa9d Drivers\STM32F4xx_HAL_Driver\Src\stm32f4xx_hal_dma.o
 .debug_info    0x0000243b      0x7c6 Drivers\STM32F4xx_HAL_Driver\Src\stm32f4xx_hal_gpio.o
 .debug_info    0x00002c01      0xaad Drivers\STM32F4xx_HAL_Driver\Src\stm32f4xx_hal_rcc.o
 .debug_info    0x000036ae     0x3521 Drivers\STM32F4xx_HAL_Driver\Src\stm32f4xx_hal_tim.o
 .debug_info    0x00006bcf     0x134f Drivers\STM32F4xx_HAL_Driver\Src\stm32f4xx_hal_tim_ex.o
 .debug_info    0x00007f1e     0x16b0 Drivers\STM32F4xx_HAL_Driver\Src\stm32f4xx_hal_uart.o
 .debug_info    0x000095ce      0x694 Src\gpio.o
 .debug_info    0x00009c62     0x2937 Src\main.o
 .debug_info    0x0000c599      0x383 Src\stm32f4xx_hal_msp.o
 .debug_info    0x0000c91c      0x945 Src\stm32f4xx_it.o
 .debug_info    0x0000d261      0x55b Src\system_stm32f4xx.o
 .debug_info    0x0000d7bc     0x1608 Src\tim.o
 .debug_info    0x0000edc4      0xcc7 Src\usart.o
 .debug_info    0x0000fa8b       0x76 startup\startup_stm32f407xx.o

.debug_abbrev   0x00000000     0x2316
 .debug_abbrev  0x00000000      0x239 Drivers\STM32F4xx_HAL_Driver\Src\stm32f4xx_hal.o
 .debug_abbrev  0x00000239      0x314 Drivers\STM32F4xx_HAL_Driver\Src\stm32f4xx_hal_cortex.o
 .debug_abbrev  0x0000054d      0x2e8 Drivers\STM32F4xx_HAL_Driver\Src\stm32f4xx_hal_dma.o
 .debug_abbrev  0x00000835      0x1ef Drivers\STM32F4xx_HAL_Driver\Src\stm32f4xx_hal_gpio.o
 .debug_abbrev  0x00000a24      0x2cb Drivers\STM32F4xx_HAL_Driver\Src\stm32f4xx_hal_rcc.o
 .debug_abbrev  0x00000cef      0x324 Drivers\STM32F4xx_HAL_Driver\Src\stm32f4xx_hal_tim.o
 .debug_abbrev  0x00001013      0x29c Drivers\STM32F4xx_HAL_Driver\Src\stm32f4xx_hal_tim_ex.o
 .debug_abbrev  0x000012af      0x313 Drivers\STM32F4xx_HAL_Driver\Src\stm32f4xx_hal_uart.o
 .debug_abbrev  0x000015c2      0x173 Src\gpio.o
 .debug_abbrev  0x00001735      0x373 Src\main.o
 .debug_abbrev  0x00001aa8      0x12e Src\stm32f4xx_hal_msp.o
 .debug_abbrev  0x00001bd6      0x1b5 Src\stm32f4xx_it.o
 .debug_abbrev  0x00001d8b      0x126 Src\system_stm32f4xx.o
 .debug_abbrev  0x00001eb1      0x24f Src\tim.o
 .debug_abbrev  0x00002100      0x204 Src\usart.o
 .debug_abbrev  0x00002304       0x12 startup\startup_stm32f407xx.o

.debug_loc      0x00000000     0x6679
 .debug_loc     0x00000000      0x12e Drivers\STM32F4xx_HAL_Driver\Src\stm32f4xx_hal.o
 .debug_loc     0x0000012e      0x4fb Drivers\STM32F4xx_HAL_Driver\Src\stm32f4xx_hal_cortex.o
 .debug_loc     0x00000629      0x727 Drivers\STM32F4xx_HAL_Driver\Src\stm32f4xx_hal_dma.o
 .debug_loc     0x00000d50      0x357 Drivers\STM32F4xx_HAL_Driver\Src\stm32f4xx_hal_gpio.o
 .debug_loc     0x000010a7      0x346 Drivers\STM32F4xx_HAL_Driver\Src\stm32f4xx_hal_rcc.o
 .debug_loc     0x000013ed     0x3009 Drivers\STM32F4xx_HAL_Driver\Src\stm32f4xx_hal_tim.o
 .debug_loc     0x000043f6      0xa7c Drivers\STM32F4xx_HAL_Driver\Src\stm32f4xx_hal_tim_ex.o
 .debug_loc     0x00004e72     0x1350 Drivers\STM32F4xx_HAL_Driver\Src\stm32f4xx_hal_uart.o
 .debug_loc     0x000061c2      0x24b Src\main.o
 .debug_loc     0x0000640d      0x11c Src\system_stm32f4xx.o
 .debug_loc     0x00006529       0xed Src\tim.o
 .debug_loc     0x00006616       0x63 Src\usart.o

.debug_aranges  0x00000000      0x9b0
 .debug_aranges
                0x00000000       0xe8 Drivers\STM32F4xx_HAL_Driver\Src\stm32f4xx_hal.o
 .debug_aranges
                0x000000e8       0xa8 Drivers\STM32F4xx_HAL_Driver\Src\stm32f4xx_hal_cortex.o
 .debug_aranges
                0x00000190       0x80 Drivers\STM32F4xx_HAL_Driver\Src\stm32f4xx_hal_dma.o
 .debug_aranges
                0x00000210       0x58 Drivers\STM32F4xx_HAL_Driver\Src\stm32f4xx_hal_gpio.o
 .debug_aranges
                0x00000268       0x88 Drivers\STM32F4xx_HAL_Driver\Src\stm32f4xx_hal_rcc.o
 .debug_aranges
                0x000002f0      0x278 Drivers\STM32F4xx_HAL_Driver\Src\stm32f4xx_hal_tim.o
 .debug_aranges
                0x00000568       0xf8 Drivers\STM32F4xx_HAL_Driver\Src\stm32f4xx_hal_tim_ex.o
 .debug_aranges
                0x00000660      0x170 Drivers\STM32F4xx_HAL_Driver\Src\stm32f4xx_hal_uart.o
 .debug_aranges
                0x000007d0       0x20 Src\gpio.o
 .debug_aranges
                0x000007f0       0x50 Src\main.o
 .debug_aranges
                0x00000840       0x20 Src\stm32f4xx_hal_msp.o
 .debug_aranges
                0x00000860       0x58 Src\stm32f4xx_it.o
 .debug_aranges
                0x000008b8       0x28 Src\system_stm32f4xx.o
 .debug_aranges
                0x000008e0       0x70 Src\tim.o
 .debug_aranges
                0x00000950       0x38 Src\usart.o
 .debug_aranges
                0x00000988       0x28 startup\startup_stm32f407xx.o

.debug_ranges   0x00000000      0xba8
 .debug_ranges  0x00000000       0xd8 Drivers\STM32F4xx_HAL_Driver\Src\stm32f4xx_hal.o
 .debug_ranges  0x000000d8      0x128 Drivers\STM32F4xx_HAL_Driver\Src\stm32f4xx_hal_cortex.o
 .debug_ranges  0x00000200       0xc8 Drivers\STM32F4xx_HAL_Driver\Src\stm32f4xx_hal_dma.o
 .debug_ranges  0x000002c8       0x68 Drivers\STM32F4xx_HAL_Driver\Src\stm32f4xx_hal_gpio.o
 .debug_ranges  0x00000330       0xb0 Drivers\STM32F4xx_HAL_Driver\Src\stm32f4xx_hal_rcc.o
 .debug_ranges  0x000003e0      0x340 Drivers\STM32F4xx_HAL_Driver\Src\stm32f4xx_hal_tim.o
 .debug_ranges  0x00000720       0xe8 Drivers\STM32F4xx_HAL_Driver\Src\stm32f4xx_hal_tim_ex.o
 .debug_ranges  0x00000808      0x178 Drivers\STM32F4xx_HAL_Driver\Src\stm32f4xx_hal_uart.o
 .debug_ranges  0x00000980       0x40 Src\gpio.o
 .debug_ranges  0x000009c0       0x40 Src\main.o
 .debug_ranges  0x00000a00       0x28 Src\stm32f4xx_hal_msp.o
 .debug_ranges  0x00000a28       0x48 Src\stm32f4xx_it.o
 .debug_ranges  0x00000a70       0x18 Src\system_stm32f4xx.o
 .debug_ranges  0x00000a88       0xa8 Src\tim.o
 .debug_ranges  0x00000b30       0x58 Src\usart.o
 .debug_ranges  0x00000b88       0x20 startup\startup_stm32f407xx.o

.debug_line     0x00000000     0x5157
 .debug_line    0x00000000      0x420 Drivers\STM32F4xx_HAL_Driver\Src\stm32f4xx_hal.o
 .debug_line    0x00000420      0x469 Drivers\STM32F4xx_HAL_Driver\Src\stm32f4xx_hal_cortex.o
 .debug_line    0x00000889      0x56e Drivers\STM32F4xx_HAL_Driver\Src\stm32f4xx_hal_dma.o
 .debug_line    0x00000df7      0x3f2 Drivers\STM32F4xx_HAL_Driver\Src\stm32f4xx_hal_gpio.o
 .debug_line    0x000011e9      0x51a Drivers\STM32F4xx_HAL_Driver\Src\stm32f4xx_hal_rcc.o
 .debug_line    0x00001703     0x1197 Drivers\STM32F4xx_HAL_Driver\Src\stm32f4xx_hal_tim.o
 .debug_line    0x0000289a      0x6b4 Drivers\STM32F4xx_HAL_Driver\Src\stm32f4xx_hal_tim_ex.o
 .debug_line    0x00002f4e      0xb95 Drivers\STM32F4xx_HAL_Driver\Src\stm32f4xx_hal_uart.o
 .debug_line    0x00003ae3      0x231 Src\gpio.o
 .debug_line    0x00003d14      0x5a0 Src\main.o
 .debug_line    0x000042b4      0x202 Src\stm32f4xx_hal_msp.o
 .debug_line    0x000044b6      0x2ad Src\stm32f4xx_it.o
 .debug_line    0x00004763      0x20d Src\system_stm32f4xx.o
 .debug_line    0x00004970      0x474 Src\tim.o
 .debug_line    0x00004de4      0x2f4 Src\usart.o
 .debug_line    0x000050d8       0x7f startup\startup_stm32f407xx.o

.debug_str      0x00000000     0x3e7b
 .debug_str     0x00000000      0xb57 Drivers\STM32F4xx_HAL_Driver\Src\stm32f4xx_hal.o
                                0xbc0 (size before relaxing)
 .debug_str     0x00000b57      0x4a8 Drivers\STM32F4xx_HAL_Driver\Src\stm32f4xx_hal_cortex.o
                                0xcff (size before relaxing)
 .debug_str     0x00000fff      0x52c Drivers\STM32F4xx_HAL_Driver\Src\stm32f4xx_hal_dma.o
                                0x84b (size before relaxing)
 .debug_str     0x0000152b      0x1de Drivers\STM32F4xx_HAL_Driver\Src\stm32f4xx_hal_gpio.o
                                0x5c5 (size before relaxing)
 .debug_str     0x00001709      0x2f4 Drivers\STM32F4xx_HAL_Driver\Src\stm32f4xx_hal_rcc.o
                                0x7a3 (size before relaxing)
 .debug_str     0x000019fd      0xff6 Drivers\STM32F4xx_HAL_Driver\Src\stm32f4xx_hal_tim.o
                               0x15a2 (size before relaxing)
 .debug_str     0x000029f3      0x548 Drivers\STM32F4xx_HAL_Driver\Src\stm32f4xx_hal_tim_ex.o
                                0xdba (size before relaxing)
 .debug_str     0x00002f3b      0x6dd Drivers\STM32F4xx_HAL_Driver\Src\stm32f4xx_hal_uart.o
                                0xd06 (size before relaxing)
 .debug_str     0x00003618       0x22 Src\gpio.o
                                0x465 (size before relaxing)
 .debug_str     0x0000363a      0x6a5 Src\main.o
                               0x1834 (size before relaxing)
 .debug_str     0x00003cdf       0x1b Src\stm32f4xx_hal_msp.o
                                0x3ca (size before relaxing)
 .debug_str     0x00003cfa       0xcc Src\stm32f4xx_it.o
                                0x972 (size before relaxing)
 .debug_str     0x00003dc6       0x45 Src\system_stm32f4xx.o
                                0x429 (size before relaxing)
 .debug_str     0x00003e0b       0x56 Src\tim.o
                               0x117f (size before relaxing)
 .debug_str     0x00003e61       0x1a Src\usart.o
                                0xddb (size before relaxing)

.comment        0x00000000       0x7c
 .comment       0x00000000       0x7c Drivers\STM32F4xx_HAL_Driver\Src\stm32f4xx_hal.o
                                 0x7d (size before relaxing)
 .comment       0x0000007c       0x7d Drivers\STM32F4xx_HAL_Driver\Src\stm32f4xx_hal_cortex.o
 .comment       0x0000007c       0x7d Drivers\STM32F4xx_HAL_Driver\Src\stm32f4xx_hal_dma.o
 .comment       0x0000007c       0x7d Drivers\STM32F4xx_HAL_Driver\Src\stm32f4xx_hal_gpio.o
 .comment       0x0000007c       0x7d Drivers\STM32F4xx_HAL_Driver\Src\stm32f4xx_hal_rcc.o
 .comment       0x0000007c       0x7d Drivers\STM32F4xx_HAL_Driver\Src\stm32f4xx_hal_tim.o
 .comment       0x0000007c       0x7d Drivers\STM32F4xx_HAL_Driver\Src\stm32f4xx_hal_tim_ex.o
 .comment       0x0000007c       0x7d Drivers\STM32F4xx_HAL_Driver\Src\stm32f4xx_hal_uart.o
 .comment       0x0000007c       0x7d Src\gpio.o
 .comment       0x0000007c       0x7d Src\main.o
 .comment       0x0000007c       0x7d Src\stm32f4xx_hal_msp.o
 .comment       0x0000007c       0x7d Src\stm32f4xx_it.o
 .comment       0x0000007c       0x7d Src\system_stm32f4xx.o
 .comment       0x0000007c       0x7d Src\tim.o
 .comment       0x0000007c       0x7d Src\usart.o

.debug_frame    0x00000000     0x1f78
 .debug_frame   0x00000000      0x1f4 Drivers\STM32F4xx_HAL_Driver\Src\stm32f4xx_hal.o
 .debug_frame   0x000001f4      0x158 Drivers\STM32F4xx_HAL_Driver\Src\stm32f4xx_hal_cortex.o
 .debug_frame   0x0000034c      0x150 Drivers\STM32F4xx_HAL_Driver\Src\stm32f4xx_hal_dma.o
 .debug_frame   0x0000049c       0xd8 Drivers\STM32F4xx_HAL_Driver\Src\stm32f4xx_hal_gpio.o
 .debug_frame   0x00000574      0x13c Drivers\STM32F4xx_HAL_Driver\Src\stm32f4xx_hal_rcc.o
 .debug_frame   0x000006b0      0x928 Drivers\STM32F4xx_HAL_Driver\Src\stm32f4xx_hal_tim.o
 .debug_frame   0x00000fd8      0x360 Drivers\STM32F4xx_HAL_Driver\Src\stm32f4xx_hal_tim_ex.o
 .debug_frame   0x00001338      0x4a0 Drivers\STM32F4xx_HAL_Driver\Src\stm32f4xx_hal_uart.o
 .debug_frame   0x000017d8       0x38 Src\gpio.o
 .debug_frame   0x00001810       0xbc Src\main.o
 .debug_frame   0x000018cc       0x28 Src\stm32f4xx_hal_msp.o
 .debug_frame   0x000018f4       0xc0 Src\stm32f4xx_it.o
 .debug_frame   0x000019b4       0x38 Src\system_stm32f4xx.o
 .debug_frame   0x000019ec      0x15c Src\tim.o
 .debug_frame   0x00001b48       0x98 Src\usart.o
 .debug_frame   0x00001be0       0x20 c:/program files (x86)/atollic/truestudio for stm32 9.3.0/armtools/bin/../lib/gcc/arm-atollic-eabi/6.3.1/../../../../arm-atollic-eabi/lib/armv7e-m/fpu\libc_nano.a(lib_a-errno.o)
 .debug_frame   0x00001c00       0x2c c:/program files (x86)/atollic/truestudio for stm32 9.3.0/armtools/bin/../lib/gcc/arm-atollic-eabi/6.3.1/../../../../arm-atollic-eabi/lib/armv7e-m/fpu\libc_nano.a(lib_a-init.o)
 .debug_frame   0x00001c2c       0x20 c:/program files (x86)/atollic/truestudio for stm32 9.3.0/armtools/bin/../lib/gcc/arm-atollic-eabi/6.3.1/../../../../arm-atollic-eabi/lib/armv7e-m/fpu\libc_nano.a(lib_a-memset.o)
 .debug_frame   0x00001c4c       0x48 c:/program files (x86)/atollic/truestudio for stm32 9.3.0/armtools/bin/../lib/gcc/arm-atollic-eabi/6.3.1/../../../../arm-atollic-eabi/lib/armv7e-m/fpu\libm.a(lib_a-w_exp.o)
 .debug_frame   0x00001c94       0x3c c:/program files (x86)/atollic/truestudio for stm32 9.3.0/armtools/bin/../lib/gcc/arm-atollic-eabi/6.3.1/../../../../arm-atollic-eabi/lib/armv7e-m/fpu\libm.a(lib_a-e_exp.o)
 .debug_frame   0x00001cd0       0x20 c:/program files (x86)/atollic/truestudio for stm32 9.3.0/armtools/bin/../lib/gcc/arm-atollic-eabi/6.3.1/../../../../arm-atollic-eabi/lib/armv7e-m/fpu\libm.a(lib_a-s_finite.o)
 .debug_frame   0x00001cf0       0x20 c:/program files (x86)/atollic/truestudio for stm32 9.3.0/armtools/bin/../lib/gcc/arm-atollic-eabi/6.3.1/../../../../arm-atollic-eabi/lib/armv7e-m/fpu\libm.a(lib_a-s_matherr.o)
 .debug_frame   0x00001d10       0xac c:/program files (x86)/atollic/truestudio for stm32 9.3.0/armtools/bin/../lib/gcc/arm-atollic-eabi/6.3.1/armv7e-m/fpu\libgcc.a(_arm_addsubdf3.o)
 .debug_frame   0x00001dbc       0x50 c:/program files (x86)/atollic/truestudio for stm32 9.3.0/armtools/bin/../lib/gcc/arm-atollic-eabi/6.3.1/armv7e-m/fpu\libgcc.a(_arm_muldivdf3.o)
 .debug_frame   0x00001e0c       0xc4 c:/program files (x86)/atollic/truestudio for stm32 9.3.0/armtools/bin/../lib/gcc/arm-atollic-eabi/6.3.1/armv7e-m/fpu\libgcc.a(_arm_cmpdf2.o)
 .debug_frame   0x00001ed0       0x24 c:/program files (x86)/atollic/truestudio for stm32 9.3.0/armtools/bin/../lib/gcc/arm-atollic-eabi/6.3.1/armv7e-m/fpu\libgcc.a(_arm_fixdfsi.o)
 .debug_frame   0x00001ef4       0x24 c:/program files (x86)/atollic/truestudio for stm32 9.3.0/armtools/bin/../lib/gcc/arm-atollic-eabi/6.3.1/armv7e-m/fpu\libgcc.a(_arm_fixunsdfsi.o)
 .debug_frame   0x00001f18       0x2c c:/program files (x86)/atollic/truestudio for stm32 9.3.0/armtools/bin/../lib/gcc/arm-atollic-eabi/6.3.1/armv7e-m/fpu\libgcc.a(_aeabi_uldivmod.o)
 .debug_frame   0x00001f44       0x34 c:/program files (x86)/atollic/truestudio for stm32 9.3.0/armtools/bin/../lib/gcc/arm-atollic-eabi/6.3.1/armv7e-m/fpu\libgcc.a(_udivmoddi4.o)
